<?xml version="1.0" encoding="utf-8"?>
<xs:schema xmlns:nodatime="https://nodatime.org/api/" targetNamespace="https://nodatime.org/api/" xmlns:xs="http://www.w3.org/2001/XMLSchema">
  <xs:complexType name="AnnualDate">
    <xs:simpleContent>
      <xs:extension base="nodatime:annualDate" />
    </xs:simpleContent>
  </xs:complexType>
  <xs:complexType name="Duration">
    <xs:simpleContent>
      <xs:extension base="nodatime:duration" />
    </xs:simpleContent>
  </xs:complexType>
  <xs:complexType name="Instant">
    <xs:simpleContent>
      <xs:extension base="nodatime:instant" />
    </xs:simpleContent>
  </xs:complexType>
  <xs:complexType name="Interval">
    <xs:attribute name="start" type="nodatime:instant" />
    <xs:attribute name="end" type="nodatime:instant" />
  </xs:complexType>
  <xs:complexType name="LocalDate">
    <xs:simpleContent>
      <xs:extension base="nodatime:localDate">
        <xs:attribute name="calendar" type="nodatime:calendar" />
      </xs:extension>
    </xs:simpleContent>
  </xs:complexType>
  <xs:complexType name="LocalDateTime">
    <xs:simpleContent>
      <xs:extension base="nodatime:localDateTime">
        <xs:attribute name="calendar" type="nodatime:calendar" />
      </xs:extension>
    </xs:simpleContent>
  </xs:complexType>
  <xs:complexType name="LocalTime">
    <xs:simpleContent>
      <xs:extension base="nodatime:localTime" />
    </xs:simpleContent>
  </xs:complexType>
  <xs:complexType name="Offset">
    <xs:simpleContent>
      <xs:extension base="nodatime:offset" />
    </xs:simpleContent>
  </xs:complexType>
  <xs:complexType name="OffsetDate">
    <xs:simpleContent>
      <xs:extension base="nodatime:offsetDate" />
    </xs:simpleContent>
  </xs:complexType>
  <xs:complexType name="OffsetDateTime">
    <xs:simpleContent>
      <xs:extension base="nodatime:offsetDateTime" />
    </xs:simpleContent>
  </xs:complexType>
  <xs:complexType name="OffsetTime">
    <xs:simpleContent>
      <xs:extension base="nodatime:offsetTime" />
    </xs:simpleContent>
  </xs:complexType>
  <xs:complexType name="PeriodBuilder">
    <xs:simpleContent>
      <xs:extension base="nodatime:periodBuilder" />
    </xs:simpleContent>
  </xs:complexType>
  <xs:complexType name="YearMonth">
    <xs:simpleContent>
      <xs:extension base="nodatime:yearMonth" />
    </xs:simpleContent>
  </xs:complexType>
  <xs:complexType name="ZonedDateTime">
    <xs:simpleContent>
      <xs:extension base="nodatime:offsetDateTime">
        <xs:attribute name="zone" type="nodatime:zone" use="required" />
        <xs:attribute name="calendar" type="nodatime:calendar" />
      </xs:extension>
    </xs:simpleContent>
  </xs:complexType>
  <xs:simpleType name="annualDate">
    <xs:restriction base="xs:string">
      <xs:pattern value="[0-9]{2}-[0-9]{2}" />
    </xs:restriction>
  </xs:simpleType>
  <xs:simpleType name="calendar">
    <xs:restriction base="xs:string">
      <xs:enumeration value="Badi" />
      <xs:enumeration value="Coptic" />
      <xs:enumeration value="Gregorian" />
      <xs:enumeration value="Hebrew Civil" />
      <xs:enumeration value="Hebrew Scriptural" />
      <xs:enumeration value="Hijri Astronomical-Base15" />
      <xs:enumeration value="Hijri Astronomical-Base16" />
      <xs:enumeration value="Hijri Astronomical-HabashAlHasib" />
      <xs:enumeration value="Hijri Astronomical-Indian" />
      <xs:enumeration value="Hijri Civil-Base15" />
      <xs:enumeration value="Hijri Civil-Base16" />
      <xs:enumeration value="Hijri Civil-HabashAlHasib" />
      <xs:enumeration value="Hijri Civil-Indian" />
      <xs:enumeration value="ISO" />
      <xs:enumeration value="Julian" />
      <xs:enumeration value="Persian Algorithmic" />
      <xs:enumeration value="Persian Arithmetic" />
      <xs:enumeration value="Persian Simple" />
      <xs:enumeration value="Um Al Qura" />
    </xs:restriction>
  </xs:simpleType>
  <xs:simpleType name="duration">
    <xs:restriction base="xs:string">
      <xs:pattern value="-?[0-9]{1,8}:[0-9]{2}:[0-9]{2}:[0-9]{2}(\.[0-9]{1,9})?" />
    </xs:restriction>
  </xs:simpleType>
  <xs:simpleType name="instant">
    <xs:restriction base="xs:string">
      <xs:pattern value="-?[0-9]{4}-[0-9]{2}-[0-9]{2}T[0-9]{2}:[0-9]{2}:[0-9]{2}(\.[0-9]{1,9})?Z" />
    </xs:restriction>
  </xs:simpleType>
  <xs:simpleType name="localDate">
    <xs:restriction base="xs:string">
      <xs:pattern value="-?[0-9]{4}-[0-9]{2}-[0-9]{2}" />
    </xs:restriction>
  </xs:simpleType>
  <xs:simpleType name="localDateTime">
    <xs:restriction base="xs:string">
      <xs:pattern value="-?[0-9]{4}-[0-9]{2}-[0-9]{2}T[0-9]{2}:[0-9]{2}:[0-9]{2}(\.[0-9]{1,9})?" />
    </xs:restriction>
  </xs:simpleType>
  <xs:simpleType name="localTime">
    <xs:restriction base="xs:string">
      <xs:pattern value="[0-9]{2}:[0-9]{2}:[0-9]{2}(\.[0-9]{1,9})?" />
    </xs:restriction>
  </xs:simpleType>
  <xs:simpleType name="offset">
    <xs:restriction base="xs:string">
      <xs:pattern value="(Z|[+-][0-9]{2}(:[0-9]{2}(:[0-9]{2})?)?)" />
    </xs:restriction>
  </xs:simpleType>
  <xs:simpleType name="offsetDate">
    <xs:restriction base="xs:string">
      <xs:pattern value="-?[0-9]{4}-[0-9]{2}-[0-9]{2}(Z|[+-][0-9]{2}(:[0-9]{2}(:[0-9]{2})?)?)" />
    </xs:restriction>
  </xs:simpleType>
  <xs:simpleType name="offsetDateTime">
    <xs:restriction base="xs:string">
      <xs:pattern value="-?[0-9]{4}-[0-9]{2}-[0-9]{2}T[0-9]{2}:[0-9]{2}:[0-9]{2}(\.[0-9]{1,9})?(Z|[+-][0-9]{2}(:[0-9]{2}(:[0-9]{2})?)?)" />
    </xs:restriction>
  </xs:simpleType>
  <xs:simpleType name="offsetTime">
    <xs:restriction base="xs:string">
      <xs:pattern value="[0-9]{2}:[0-9]{2}:[0-9]{2}(\.[0-9]{1,9})?(Z|[+-][0-9]{2}(:[0-9]{2}(:[0-9]{2})?)?)" />
    </xs:restriction>
  </xs:simpleType>
  <xs:simpleType name="periodBuilder">
    <xs:restriction base="xs:string">
      <xs:pattern value="P(-?[0-9]+Y)?(-?[0-9]+M)?(-?[0-9]+W)?(-?[0-9]+D)?(T(-?[0-9]+H)?(-?[0-9]+M)?(-?[0-9]+S)?(-?[0-9]+s)?(-?[0-9]+t)?(-?[0-9]+n)?)?" />
    </xs:restriction>
  </xs:simpleType>
  <xs:simpleType name="yearMonth">
    <xs:restriction base="xs:string">
      <xs:pattern value="-?[0-9]{4}-[0-9]{2}" />
    </xs:restriction>
  </xs:simpleType>
  <xs:simpleType name="zone">
    <xs:union memberTypes="nodatime:zoneIds xs:string" />
  </xs:simpleType>
  <xs:simpleType name="zoneIds">
    <xs:restriction base="xs:string">
      <xs:enumeration value="Africa/Abidjan" />
      <xs:enumeration value="Africa/Accra" />
      <xs:enumeration value="Africa/Addis_Ababa" />
      <xs:enumeration value="Africa/Algiers" />
      <xs:enumeration value="Africa/Asmara" />
      <xs:enumeration value="Africa/Asmera" />
      <xs:enumeration value="Africa/Bamako" />
      <xs:enumeration value="Africa/Bangui" />
      <xs:enumeration value="Africa/Banjul" />
      <xs:enumeration value="Africa/Bissau" />
      <xs:enumeration value="Africa/Blantyre" />
      <xs:enumeration value="Africa/Brazzaville" />
      <xs:enumeration value="Africa/Bujumbura" />
      <xs:enumeration value="Africa/Cairo" />
      <xs:enumeration value="Africa/Casablanca" />
      <xs:enumeration value="Africa/Ceuta" />
      <xs:enumeration value="Africa/Conakry" />
      <xs:enumeration value="Africa/Dakar" />
      <xs:enumeration value="Africa/Dar_es_Salaam" />
      <xs:enumeration value="Africa/Djibouti" />
      <xs:enumeration value="Africa/Douala" />
      <xs:enumeration value="Africa/El_Aaiun" />
      <xs:enumeration value="Africa/Freetown" />
      <xs:enumeration value="Africa/Gaborone" />
      <xs:enumeration value="Africa/Harare" />
      <xs:enumeration value="Africa/Johannesburg" />
      <xs:enumeration value="Africa/Juba" />
      <xs:enumeration value="Africa/Kampala" />
      <xs:enumeration value="Africa/Khartoum" />
      <xs:enumeration value="Africa/Kigali" />
      <xs:enumeration value="Africa/Kinshasa" />
      <xs:enumeration value="Africa/Lagos" />
      <xs:enumeration value="Africa/Libreville" />
      <xs:enumeration value="Africa/Lome" />
      <xs:enumeration value="Africa/Luanda" />
      <xs:enumeration value="Africa/Lubumbashi" />
      <xs:enumeration value="Africa/Lusaka" />
      <xs:enumeration value="Africa/Malabo" />
      <xs:enumeration value="Africa/Maputo" />
      <xs:enumeration value="Africa/Maseru" />
      <xs:enumeration value="Africa/Mbabane" />
      <xs:enumeration value="Africa/Mogadishu" />
      <xs:enumeration value="Africa/Monrovia" />
      <xs:enumeration value="Africa/Nairobi" />
      <xs:enumeration value="Africa/Ndjamena" />
      <xs:enumeration value="Africa/Niamey" />
      <xs:enumeration value="Africa/Nouakchott" />
      <xs:enumeration value="Africa/Ouagadougou" />
      <xs:enumeration value="Africa/Porto-Novo" />
      <xs:enumeration value="Africa/Sao_Tome" />
      <xs:enumeration value="Africa/Timbuktu" />
      <xs:enumeration value="Africa/Tripoli" />
      <xs:enumeration value="Africa/Tunis" />
      <xs:enumeration value="Africa/Windhoek" />
      <xs:enumeration value="America/Adak" />
      <xs:enumeration value="America/Anchorage" />
      <xs:enumeration value="America/Anguilla" />
      <xs:enumeration value="America/Antigua" />
      <xs:enumeration value="America/Araguaina" />
      <xs:enumeration value="America/Argentina/Buenos_Aires" />
      <xs:enumeration value="America/Argentina/Catamarca" />
      <xs:enumeration value="America/Argentina/ComodRivadavia" />
      <xs:enumeration value="America/Argentina/Cordoba" />
      <xs:enumeration value="America/Argentina/Jujuy" />
      <xs:enumeration value="America/Argentina/La_Rioja" />
      <xs:enumeration value="America/Argentina/Mendoza" />
      <xs:enumeration value="America/Argentina/Rio_Gallegos" />
      <xs:enumeration value="America/Argentina/Salta" />
      <xs:enumeration value="America/Argentina/San_Juan" />
      <xs:enumeration value="America/Argentina/San_Luis" />
      <xs:enumeration value="America/Argentina/Tucuman" />
      <xs:enumeration value="America/Argentina/Ushuaia" />
      <xs:enumeration value="America/Aruba" />
      <xs:enumeration value="America/Asuncion" />
      <xs:enumeration value="America/Atikokan" />
      <xs:enumeration value="America/Atka" />
      <xs:enumeration value="America/Bahia" />
      <xs:enumeration value="America/Bahia_Banderas" />
      <xs:enumeration value="America/Barbados" />
      <xs:enumeration value="America/Belem" />
      <xs:enumeration value="America/Belize" />
      <xs:enumeration value="America/Blanc-Sablon" />
      <xs:enumeration value="America/Boa_Vista" />
      <xs:enumeration value="America/Bogota" />
      <xs:enumeration value="America/Boise" />
      <xs:enumeration value="America/Buenos_Aires" />
      <xs:enumeration value="America/Cambridge_Bay" />
      <xs:enumeration value="America/Campo_Grande" />
      <xs:enumeration value="America/Cancun" />
      <xs:enumeration value="America/Caracas" />
      <xs:enumeration value="America/Catamarca" />
      <xs:enumeration value="America/Cayenne" />
      <xs:enumeration value="America/Cayman" />
      <xs:enumeration value="America/Chicago" />
      <xs:enumeration value="America/Chihuahua" />
      <xs:enumeration value="America/Ciudad_Juarez" />
      <xs:enumeration value="America/Coral_Harbour" />
      <xs:enumeration value="America/Cordoba" />
      <xs:enumeration value="America/Costa_Rica" />
      <xs:enumeration value="America/Coyhaique" />
      <xs:enumeration value="America/Creston" />
      <xs:enumeration value="America/Cuiaba" />
      <xs:enumeration value="America/Curacao" />
      <xs:enumeration value="America/Danmarkshavn" />
      <xs:enumeration value="America/Dawson" />
      <xs:enumeration value="America/Dawson_Creek" />
      <xs:enumeration value="America/Denver" />
      <xs:enumeration value="America/Detroit" />
      <xs:enumeration value="America/Dominica" />
      <xs:enumeration value="America/Edmonton" />
      <xs:enumeration value="America/Eirunepe" />
      <xs:enumeration value="America/El_Salvador" />
      <xs:enumeration value="America/Ensenada" />
      <xs:enumeration value="America/Fortaleza" />
      <xs:enumeration value="America/Fort_Nelson" />
      <xs:enumeration value="America/Fort_Wayne" />
      <xs:enumeration value="America/Glace_Bay" />
      <xs:enumeration value="America/Godthab" />
      <xs:enumeration value="America/Goose_Bay" />
      <xs:enumeration value="America/Grand_Turk" />
      <xs:enumeration value="America/Grenada" />
      <xs:enumeration value="America/Guadeloupe" />
      <xs:enumeration value="America/Guatemala" />
      <xs:enumeration value="America/Guayaquil" />
      <xs:enumeration value="America/Guyana" />
      <xs:enumeration value="America/Halifax" />
      <xs:enumeration value="America/Havana" />
      <xs:enumeration value="America/Hermosillo" />
      <xs:enumeration value="America/Indiana/Indianapolis" />
      <xs:enumeration value="America/Indiana/Knox" />
      <xs:enumeration value="America/Indiana/Marengo" />
      <xs:enumeration value="America/Indiana/Petersburg" />
      <xs:enumeration value="America/Indiana/Tell_City" />
      <xs:enumeration value="America/Indiana/Vevay" />
      <xs:enumeration value="America/Indiana/Vincennes" />
      <xs:enumeration value="America/Indiana/Winamac" />
      <xs:enumeration value="America/Indianapolis" />
      <xs:enumeration value="America/Inuvik" />
      <xs:enumeration value="America/Iqaluit" />
      <xs:enumeration value="America/Jamaica" />
      <xs:enumeration value="America/Jujuy" />
      <xs:enumeration value="America/Juneau" />
      <xs:enumeration value="America/Kentucky/Louisville" />
      <xs:enumeration value="America/Kentucky/Monticello" />
      <xs:enumeration value="America/Knox_IN" />
      <xs:enumeration value="America/Kralendijk" />
      <xs:enumeration value="America/La_Paz" />
      <xs:enumeration value="America/Lima" />
      <xs:enumeration value="America/Los_Angeles" />
      <xs:enumeration value="America/Louisville" />
      <xs:enumeration value="America/Lower_Princes" />
      <xs:enumeration value="America/Maceio" />
      <xs:enumeration value="America/Managua" />
      <xs:enumeration value="America/Manaus" />
      <xs:enumeration value="America/Marigot" />
      <xs:enumeration value="America/Martinique" />
      <xs:enumeration value="America/Matamoros" />
      <xs:enumeration value="America/Mazatlan" />
      <xs:enumeration value="America/Mendoza" />
      <xs:enumeration value="America/Menominee" />
      <xs:enumeration value="America/Merida" />
      <xs:enumeration value="America/Metlakatla" />
      <xs:enumeration value="America/Mexico_City" />
      <xs:enumeration value="America/Miquelon" />
      <xs:enumeration value="America/Moncton" />
      <xs:enumeration value="America/Monterrey" />
      <xs:enumeration value="America/Montevideo" />
      <xs:enumeration value="America/Montreal" />
      <xs:enumeration value="America/Montserrat" />
      <xs:enumeration value="America/Nassau" />
      <xs:enumeration value="America/New_York" />
      <xs:enumeration value="America/Nipigon" />
      <xs:enumeration value="America/Nome" />
      <xs:enumeration value="America/Noronha" />
      <xs:enumeration value="America/North_Dakota/Beulah" />
      <xs:enumeration value="America/North_Dakota/Center" />
      <xs:enumeration value="America/North_Dakota/New_Salem" />
      <xs:enumeration value="America/Nuuk" />
      <xs:enumeration value="America/Ojinaga" />
      <xs:enumeration value="America/Panama" />
      <xs:enumeration value="America/Pangnirtung" />
      <xs:enumeration value="America/Paramaribo" />
      <xs:enumeration value="America/Phoenix" />
      <xs:enumeration value="America/Port-au-Prince" />
      <xs:enumeration value="America/Porto_Acre" />
      <xs:enumeration value="America/Porto_Velho" />
      <xs:enumeration value="America/Port_of_Spain" />
      <xs:enumeration value="America/Puerto_Rico" />
      <xs:enumeration value="America/Punta_Arenas" />
      <xs:enumeration value="America/Rainy_River" />
      <xs:enumeration value="America/Rankin_Inlet" />
      <xs:enumeration value="America/Recife" />
      <xs:enumeration value="America/Regina" />
      <xs:enumeration value="America/Resolute" />
      <xs:enumeration value="America/Rio_Branco" />
      <xs:enumeration value="America/Rosario" />
      <xs:enumeration value="America/Santarem" />
      <xs:enumeration value="America/Santa_Isabel" />
      <xs:enumeration value="America/Santiago" />
      <xs:enumeration value="America/Santo_Domingo" />
      <xs:enumeration value="America/Sao_Paulo" />
      <xs:enumeration value="America/Scoresbysund" />
      <xs:enumeration value="America/Shiprock" />
      <xs:enumeration value="America/Sitka" />
      <xs:enumeration value="America/St_Barthelemy" />
      <xs:enumeration value="America/St_Johns" />
      <xs:enumeration value="America/St_Kitts" />
      <xs:enumeration value="America/St_Lucia" />
      <xs:enumeration value="America/St_Thomas" />
      <xs:enumeration value="America/St_Vincent" />
      <xs:enumeration value="America/Swift_Current" />
      <xs:enumeration value="America/Tegucigalpa" />
      <xs:enumeration value="America/Thule" />
      <xs:enumeration value="America/Thunder_Bay" />
      <xs:enumeration value="America/Tijuana" />
      <xs:enumeration value="America/Toronto" />
      <xs:enumeration value="America/Tortola" />
      <xs:enumeration value="America/Vancouver" />
      <xs:enumeration value="America/Virgin" />
      <xs:enumeration value="America/Whitehorse" />
      <xs:enumeration value="America/Winnipeg" />
      <xs:enumeration value="America/Yakutat" />
      <xs:enumeration value="America/Yellowknife" />
      <xs:enumeration value="Antarctica/Casey" />
      <xs:enumeration value="Antarctica/Davis" />
      <xs:enumeration value="Antarctica/DumontDUrville" />
      <xs:enumeration value="Antarctica/Macquarie" />
      <xs:enumeration value="Antarctica/Mawson" />
      <xs:enumeration value="Antarctica/McMurdo" />
      <xs:enumeration value="Antarctica/Palmer" />
      <xs:enumeration value="Antarctica/Rothera" />
      <xs:enumeration value="Antarctica/South_Pole" />
      <xs:enumeration value="Antarctica/Syowa" />
      <xs:enumeration value="Antarctica/Troll" />
      <xs:enumeration value="Antarctica/Vostok" />
      <xs:enumeration value="Arctic/Longyearbyen" />
      <xs:enumeration value="Asia/Aden" />
      <xs:enumeration value="Asia/Almaty" />
      <xs:enumeration value="Asia/Amman" />
      <xs:enumeration value="Asia/Anadyr" />
      <xs:enumeration value="Asia/Aqtau" />
      <xs:enumeration value="Asia/Aqtobe" />
      <xs:enumeration value="Asia/Ashgabat" />
      <xs:enumeration value="Asia/Ashkhabad" />
      <xs:enumeration value="Asia/Atyrau" />
      <xs:enumeration value="Asia/Baghdad" />
      <xs:enumeration value="Asia/Bahrain" />
      <xs:enumeration value="Asia/Baku" />
      <xs:enumeration value="Asia/Bangkok" />
      <xs:enumeration value="Asia/Barnaul" />
      <xs:enumeration value="Asia/Beirut" />
      <xs:enumeration value="Asia/Bishkek" />
      <xs:enumeration value="Asia/Brunei" />
      <xs:enumeration value="Asia/Calcutta" />
      <xs:enumeration value="Asia/Chita" />
      <xs:enumeration value="Asia/Choibalsan" />
      <xs:enumeration value="Asia/Chongqing" />
      <xs:enumeration value="Asia/Chungking" />
      <xs:enumeration value="Asia/Colombo" />
      <xs:enumeration value="Asia/Dacca" />
      <xs:enumeration value="Asia/Damascus" />
      <xs:enumeration value="Asia/Dhaka" />
      <xs:enumeration value="Asia/Dili" />
      <xs:enumeration value="Asia/Dubai" />
      <xs:enumeration value="Asia/Dushanbe" />
      <xs:enumeration value="Asia/Famagusta" />
      <xs:enumeration value="Asia/Gaza" />
      <xs:enumeration value="Asia/Harbin" />
      <xs:enumeration value="Asia/Hebron" />
      <xs:enumeration value="Asia/Hong_Kong" />
      <xs:enumeration value="Asia/Hovd" />
      <xs:enumeration value="Asia/Ho_Chi_Minh" />
      <xs:enumeration value="Asia/Irkutsk" />
      <xs:enumeration value="Asia/Istanbul" />
      <xs:enumeration value="Asia/Jakarta" />
      <xs:enumeration value="Asia/Jayapura" />
      <xs:enumeration value="Asia/Jerusalem" />
      <xs:enumeration value="Asia/Kabul" />
      <xs:enumeration value="Asia/Kamchatka" />
      <xs:enumeration value="Asia/Karachi" />
      <xs:enumeration value="Asia/Kashgar" />
      <xs:enumeration value="Asia/Kathmandu" />
      <xs:enumeration value="Asia/Katmandu" />
      <xs:enumeration value="Asia/Khandyga" />
      <xs:enumeration value="Asia/Kolkata" />
      <xs:enumeration value="Asia/Krasnoyarsk" />
      <xs:enumeration value="Asia/Kuala_Lumpur" />
      <xs:enumeration value="Asia/Kuching" />
      <xs:enumeration value="Asia/Kuwait" />
      <xs:enumeration value="Asia/Macao" />
      <xs:enumeration value="Asia/Macau" />
      <xs:enumeration value="Asia/Magadan" />
      <xs:enumeration value="Asia/Makassar" />
      <xs:enumeration value="Asia/Manila" />
      <xs:enumeration value="Asia/Muscat" />
      <xs:enumeration value="Asia/Nicosia" />
      <xs:enumeration value="Asia/Novokuznetsk" />
      <xs:enumeration value="Asia/Novosibirsk" />
      <xs:enumeration value="Asia/Omsk" />
      <xs:enumeration value="Asia/Oral" />
      <xs:enumeration value="Asia/Phnom_Penh" />
      <xs:enumeration value="Asia/Pontianak" />
      <xs:enumeration value="Asia/Pyongyang" />
      <xs:enumeration value="Asia/Qatar" />
      <xs:enumeration value="Asia/Qostanay" />
      <xs:enumeration value="Asia/Qyzylorda" />
      <xs:enumeration value="Asia/Rangoon" />
      <xs:enumeration value="Asia/Riyadh" />
      <xs:enumeration value="Asia/Saigon" />
      <xs:enumeration value="Asia/Sakhalin" />
      <xs:enumeration value="Asia/Samarkand" />
      <xs:enumeration value="Asia/Seoul" />
      <xs:enumeration value="Asia/Shanghai" />
      <xs:enumeration value="Asia/Singapore" />
      <xs:enumeration value="Asia/Srednekolymsk" />
      <xs:enumeration value="Asia/Taipei" />
      <xs:enumeration value="Asia/Tashkent" />
      <xs:enumeration value="Asia/Tbilisi" />
      <xs:enumeration value="Asia/Tehran" />
      <xs:enumeration value="Asia/Tel_Aviv" />
      <xs:enumeration value="Asia/Thimbu" />
      <xs:enumeration value="Asia/Thimphu" />
      <xs:enumeration value="Asia/Tokyo" />
      <xs:enumeration value="Asia/Tomsk" />
      <xs:enumeration value="Asia/Ujung_Pandang" />
      <xs:enumeration value="Asia/Ulaanbaatar" />
      <xs:enumeration value="Asia/Ulan_Bator" />
      <xs:enumeration value="Asia/Urumqi" />
      <xs:enumeration value="Asia/Ust-Nera" />
      <xs:enumeration value="Asia/Vientiane" />
      <xs:enumeration value="Asia/Vladivostok" />
      <xs:enumeration value="Asia/Yakutsk" />
      <xs:enumeration value="Asia/Yangon" />
      <xs:enumeration value="Asia/Yekaterinburg" />
      <xs:enumeration value="Asia/Yerevan" />
      <xs:enumeration value="Atlantic/Azores" />
      <xs:enumeration value="Atlantic/Bermuda" />
      <xs:enumeration value="Atlantic/Canary" />
      <xs:enumeration value="Atlantic/Cape_Verde" />
      <xs:enumeration value="Atlantic/Faeroe" />
      <xs:enumeration value="Atlantic/Faroe" />
      <xs:enumeration value="Atlantic/Jan_Mayen" />
      <xs:enumeration value="Atlantic/Madeira" />
      <xs:enumeration value="Atlantic/Reykjavik" />
      <xs:enumeration value="Atlantic/South_Georgia" />
      <xs:enumeration value="Atlantic/Stanley" />
      <xs:enumeration value="Atlantic/St_Helena" />
      <xs:enumeration value="Australia/ACT" />
      <xs:enumeration value="Australia/Adelaide" />
      <xs:enumeration value="Australia/Brisbane" />
      <xs:enumeration value="Australia/Broken_Hill" />
      <xs:enumeration value="Australia/Canberra" />
      <xs:enumeration value="Australia/Currie" />
      <xs:enumeration value="Australia/Darwin" />
      <xs:enumeration value="Australia/Eucla" />
      <xs:enumeration value="Australia/Hobart" />
      <xs:enumeration value="Australia/LHI" />
      <xs:enumeration value="Australia/Lindeman" />
      <xs:enumeration value="Australia/Lord_Howe" />
      <xs:enumeration value="Australia/Melbourne" />
      <xs:enumeration value="Australia/North" />
      <xs:enumeration value="Australia/NSW" />
      <xs:enumeration value="Australia/Perth" />
      <xs:enumeration value="Australia/Queensland" />
      <xs:enumeration value="Australia/South" />
      <xs:enumeration value="Australia/Sydney" />
      <xs:enumeration value="Australia/Tasmania" />
      <xs:enumeration value="Australia/Victoria" />
      <xs:enumeration value="Australia/West" />
      <xs:enumeration value="Australia/Yancowinna" />
      <xs:enumeration value="Brazil/Acre" />
      <xs:enumeration value="Brazil/DeNoronha" />
      <xs:enumeration value="Brazil/East" />
      <xs:enumeration value="Brazil/West" />
      <xs:enumeration value="Canada/Atlantic" />
      <xs:enumeration value="Canada/Central" />
      <xs:enumeration value="Canada/Eastern" />
      <xs:enumeration value="Canada/Mountain" />
      <xs:enumeration value="Canada/Newfoundland" />
      <xs:enumeration value="Canada/Pacific" />
      <xs:enumeration value="Canada/Saskatchewan" />
      <xs:enumeration value="Canada/Yukon" />
      <xs:enumeration value="CET" />
      <xs:enumeration value="Chile/Continental" />
      <xs:enumeration value="Chile/EasterIsland" />
      <xs:enumeration value="CST6CDT" />
      <xs:enumeration value="Cuba" />
      <xs:enumeration value="EET" />
      <xs:enumeration value="Egypt" />
      <xs:enumeration value="Eire" />
      <xs:enumeration value="EST" />
      <xs:enumeration value="EST5EDT" />
      <xs:enumeration value="Etc/GMT" />
      <xs:enumeration value="Etc/GMT+0" />
      <xs:enumeration value="Etc/GMT+1" />
      <xs:enumeration value="Etc/GMT+10" />
      <xs:enumeration value="Etc/GMT+11" />
      <xs:enumeration value="Etc/GMT+12" />
      <xs:enumeration value="Etc/GMT+2" />
      <xs:enumeration value="Etc/GMT+3" />
      <xs:enumeration value="Etc/GMT+4" />
      <xs:enumeration value="Etc/GMT+5" />
      <xs:enumeration value="Etc/GMT+6" />
      <xs:enumeration value="Etc/GMT+7" />
      <xs:enumeration value="Etc/GMT+8" />
      <xs:enumeration value="Etc/GMT+9" />
      <xs:enumeration value="Etc/GMT-0" />
      <xs:enumeration value="Etc/GMT-1" />
      <xs:enumeration value="Etc/GMT-10" />
      <xs:enumeration value="Etc/GMT-11" />
      <xs:enumeration value="Etc/GMT-12" />
      <xs:enumeration value="Etc/GMT-13" />
      <xs:enumeration value="Etc/GMT-14" />
      <xs:enumeration value="Etc/GMT-2" />
      <xs:enumeration value="Etc/GMT-3" />
      <xs:enumeration value="Etc/GMT-4" />
      <xs:enumeration value="Etc/GMT-5" />
      <xs:enumeration value="Etc/GMT-6" />
      <xs:enumeration value="Etc/GMT-7" />
      <xs:enumeration value="Etc/GMT-8" />
      <xs:enumeration value="Etc/GMT-9" />
      <xs:enumeration value="Etc/GMT0" />
      <xs:enumeration value="Etc/Greenwich" />
      <xs:enumeration value="Etc/UCT" />
      <xs:enumeration value="Etc/Universal" />
      <xs:enumeration value="Etc/UTC" />
      <xs:enumeration value="Etc/Zulu" />
      <xs:enumeration value="Europe/Amsterdam" />
      <xs:enumeration value="Europe/Andorra" />
      <xs:enumeration value="Europe/Astrakhan" />
      <xs:enumeration value="Europe/Athens" />
      <xs:enumeration value="Europe/Belfast" />
      <xs:enumeration value="Europe/Belgrade" />
      <xs:enumeration value="Europe/Berlin" />
      <xs:enumeration value="Europe/Bratislava" />
      <xs:enumeration value="Europe/Brussels" />
      <xs:enumeration value="Europe/Bucharest" />
      <xs:enumeration value="Europe/Budapest" />
      <xs:enumeration value="Europe/Busingen" />
      <xs:enumeration value="Europe/Chisinau" />
      <xs:enumeration value="Europe/Copenhagen" />
      <xs:enumeration value="Europe/Dublin" />
      <xs:enumeration value="Europe/Gibraltar" />
      <xs:enumeration value="Europe/Guernsey" />
      <xs:enumeration value="Europe/Helsinki" />
      <xs:enumeration value="Europe/Isle_of_Man" />
      <xs:enumeration value="Europe/Istanbul" />
      <xs:enumeration value="Europe/Jersey" />
      <xs:enumeration value="Europe/Kaliningrad" />
      <xs:enumeration value="Europe/Kiev" />
      <xs:enumeration value="Europe/Kirov" />
      <xs:enumeration value="Europe/Kyiv" />
      <xs:enumeration value="Europe/Lisbon" />
      <xs:enumeration value="Europe/Ljubljana" />
      <xs:enumeration value="Europe/London" />
      <xs:enumeration value="Europe/Luxembourg" />
      <xs:enumeration value="Europe/Madrid" />
      <xs:enumeration value="Europe/Malta" />
      <xs:enumeration value="Europe/Mariehamn" />
      <xs:enumeration value="Europe/Minsk" />
      <xs:enumeration value="Europe/Monaco" />
      <xs:enumeration value="Europe/Moscow" />
      <xs:enumeration value="Europe/Nicosia" />
      <xs:enumeration value="Europe/Oslo" />
      <xs:enumeration value="Europe/Paris" />
      <xs:enumeration value="Europe/Podgorica" />
      <xs:enumeration value="Europe/Prague" />
      <xs:enumeration value="Europe/Riga" />
      <xs:enumeration value="Europe/Rome" />
      <xs:enumeration value="Europe/Samara" />
      <xs:enumeration value="Europe/San_Marino" />
      <xs:enumeration value="Europe/Sarajevo" />
      <xs:enumeration value="Europe/Saratov" />
      <xs:enumeration value="Europe/Simferopol" />
      <xs:enumeration value="Europe/Skopje" />
      <xs:enumeration value="Europe/Sofia" />
      <xs:enumeration value="Europe/Stockholm" />
      <xs:enumeration value="Europe/Tallinn" />
      <xs:enumeration value="Europe/Tirane" />
      <xs:enumeration value="Europe/Tiraspol" />
      <xs:enumeration value="Europe/Ulyanovsk" />
      <xs:enumeration value="Europe/Uzhgorod" />
      <xs:enumeration value="Europe/Vaduz" />
      <xs:enumeration value="Europe/Vatican" />
      <xs:enumeration value="Europe/Vienna" />
      <xs:enumeration value="Europe/Vilnius" />
      <xs:enumeration value="Europe/Volgograd" />
      <xs:enumeration value="Europe/Warsaw" />
      <xs:enumeration value="Europe/Zagreb" />
      <xs:enumeration value="Europe/Zaporozhye" />
      <xs:enumeration value="Europe/Zurich" />
      <xs:enumeration value="GB" />
      <xs:enumeration value="GB-Eire" />
      <xs:enumeration value="GMT" />
      <xs:enumeration value="GMT+0" />
      <xs:enumeration value="GMT-0" />
      <xs:enumeration value="GMT0" />
      <xs:enumeration value="Greenwich" />
      <xs:enumeration value="Hongkong" />
      <xs:enumeration value="HST" />
      <xs:enumeration value="Iceland" />
      <xs:enumeration value="Indian/Antananarivo" />
      <xs:enumeration value="Indian/Chagos" />
      <xs:enumeration value="Indian/Christmas" />
      <xs:enumeration value="Indian/Cocos" />
      <xs:enumeration value="Indian/Comoro" />
      <xs:enumeration value="Indian/Kerguelen" />
      <xs:enumeration value="Indian/Mahe" />
      <xs:enumeration value="Indian/Maldives" />
      <xs:enumeration value="Indian/Mauritius" />
      <xs:enumeration value="Indian/Mayotte" />
      <xs:enumeration value="Indian/Reunion" />
      <xs:enumeration value="Iran" />
      <xs:enumeration value="Israel" />
      <xs:enumeration value="Jamaica" />
      <xs:enumeration value="Japan" />
      <xs:enumeration value="Kwajalein" />
      <xs:enumeration value="Libya" />
      <xs:enumeration value="MET" />
      <xs:enumeration value="Mexico/BajaNorte" />
      <xs:enumeration value="Mexico/BajaSur" />
      <xs:enumeration value="Mexico/General" />
      <xs:enumeration value="MST" />
      <xs:enumeration value="MST7MDT" />
      <xs:enumeration value="Navajo" />
      <xs:enumeration value="NZ" />
      <xs:enumeration value="NZ-CHAT" />
      <xs:enumeration value="Pacific/Apia" />
      <xs:enumeration value="Pacific/Auckland" />
      <xs:enumeration value="Pacific/Bougainville" />
      <xs:enumeration value="Pacific/Chatham" />
      <xs:enumeration value="Pacific/Chuuk" />
      <xs:enumeration value="Pacific/Easter" />
      <xs:enumeration value="Pacific/Efate" />
      <xs:enumeration value="Pacific/Enderbury" />
      <xs:enumeration value="Pacific/Fakaofo" />
      <xs:enumeration value="Pacific/Fiji" />
      <xs:enumeration value="Pacific/Funafuti" />
      <xs:enumeration value="Pacific/Galapagos" />
      <xs:enumeration value="Pacific/Gambier" />
      <xs:enumeration value="Pacific/Guadalcanal" />
      <xs:enumeration value="Pacific/Guam" />
      <xs:enumeration value="Pacific/Honolulu" />
      <xs:enumeration value="Pacific/Johnston" />
      <xs:enumeration value="Pacific/Kanton" />
      <xs:enumeration value="Pacific/Kiritimati" />
      <xs:enumeration value="Pacific/Kosrae" />
      <xs:enumeration value="Pacific/Kwajalein" />
      <xs:enumeration value="Pacific/Majuro" />
      <xs:enumeration value="Pacific/Marquesas" />
      <xs:enumeration value="Pacific/Midway" />
      <xs:enumeration value="Pacific/Nauru" />
      <xs:enumeration value="Pacific/Niue" />
      <xs:enumeration value="Pacific/Norfolk" />
      <xs:enumeration value="Pacific/Noumea" />
      <xs:enumeration value="Pacific/Pago_Pago" />
      <xs:enumeration value="Pacific/Palau" />
      <xs:enumeration value="Pacific/Pitcairn" />
      <xs:enumeration value="Pacific/Pohnpei" />
      <xs:enumeration value="Pacific/Ponape" />
      <xs:enumeration value="Pacific/Port_Moresby" />
      <xs:enumeration value="Pacific/Rarotonga" />
      <xs:enumeration value="Pacific/Saipan" />
      <xs:enumeration value="Pacific/Samoa" />
      <xs:enumeration value="Pacific/Tahiti" />
      <xs:enumeration value="Pacific/Tarawa" />
      <xs:enumeration value="Pacific/Tongatapu" />
      <xs:enumeration value="Pacific/Truk" />
      <xs:enumeration value="Pacific/Wake" />
      <xs:enumeration value="Pacific/Wallis" />
      <xs:enumeration value="Pacific/Yap" />
      <xs:enumeration value="Poland" />
      <xs:enumeration value="Portugal" />
      <xs:enumeration value="PRC" />
      <xs:enumeration value="PST8PDT" />
      <xs:enumeration value="ROC" />
      <xs:enumeration value="ROK" />
      <xs:enumeration value="Singapore" />
      <xs:enumeration value="Turkey" />
      <xs:enumeration value="UCT" />
      <xs:enumeration value="Universal" />
      <xs:enumeration value="US/Alaska" />
      <xs:enumeration value="US/Aleutian" />
      <xs:enumeration value="US/Arizona" />
      <xs:enumeration value="US/Central" />
      <xs:enumeration value="US/East-Indiana" />
      <xs:enumeration value="US/Eastern" />
      <xs:enumeration value="US/Hawaii" />
      <xs:enumeration value="US/Indiana-Starke" />
      <xs:enumeration value="US/Michigan" />
      <xs:enumeration value="US/Mountain" />
      <xs:enumeration value="US/Pacific" />
      <xs:enumeration value="US/Samoa" />
      <xs:enumeration value="UTC" />
      <xs:enumeration value="W-SU" />
      <xs:enumeration value="WET" />
      <xs:enumeration value="Zulu" />
    </xs:restriction>
  </xs:simpleType>
</xs:schema>